
Allocating common symbols
Common symbol       size              file

ug_var              0x1               LED_TOGGLE.o

Memory Configuration

Name             Origin             Length             Attributes
flash            0x08000000         0x00020000         xr
sram             0x20000000         0x00005000         xrw
*default*        0x00000000         0xffffffff

Linker script and memory map


.text           0x08000000      0x194
 *(.vectors*)
 .vectors       0x08000000       0x1c startup.o
                0x08000000                vectors
 *(.text*)
 .text          0x0800001c       0xbc LED_TOGGLE.o
                0x0800001c                main
 .text          0x080000d8       0xbc startup.o
                0x080000d8                _Usage_fault_handler
                0x080000d8                Default_handler
                0x080000d8                _MM_handler
                0x080000d8                _BUS_FAULT_handler
                0x080000d8                _NMI_handler
                0x080000d8                _HARD_FAULT_handler
                0x080000e4                _reset_handler
                0x08000194                E_Text = .

.glue_7         0x08000194        0x0
 .glue_7        0x00000000        0x0 linker stubs

.glue_7t        0x08000194        0x0
 .glue_7t       0x00000000        0x0 linker stubs

.vfp11_veneer   0x08000194        0x0
 .vfp11_veneer  0x00000000        0x0 linker stubs

.v4_bx          0x08000194        0x0
 .v4_bx         0x00000000        0x0 linker stubs

.iplt           0x08000194        0x0
 .iplt          0x00000000        0x0 LED_TOGGLE.o

.rodata         0x08000194        0x4
 .rodata        0x08000194        0x4 LED_TOGGLE.o
                0x08000194                const_var

.rel.dyn        0x08000198        0x0
 .rel.iplt      0x00000000        0x0 LED_TOGGLE.o

.data           0x20000000        0x4 load address 0x08000198
                0x20000000                S_Data = .
 *(.data)
 .data          0x20000000        0x4 LED_TOGGLE.o
                0x20000000                g_var
 .data          0x20000004        0x0 startup.o
                0x20000004                E_Data = .

.igot.plt       0x20000004        0x0 load address 0x0800019c
 .igot.plt      0x00000000        0x0 LED_TOGGLE.o

.bss            0x20000004     0x1001 load address 0x0800019c
                0x20000004                S_Bss = .
 *(.bss*)
 .bss           0x20000004        0x0 LED_TOGGLE.o
 .bss           0x20000004        0x0 startup.o
                0x20000004                E_Bss = .
                0x20001004                . = (. + 0x1000)
 *fill*         0x20000004     0x1000 
                0x20001004                stack_top = .
 COMMON         0x20001004        0x1 LED_TOGGLE.o
                0x20001004                ug_var
LOAD LED_TOGGLE.o
LOAD startup.o
OUTPUT(LED_CORTEX_M3.elf elf32-littlearm)

.debug_info     0x00000000      0x28d
 .debug_info    0x00000000      0x119 LED_TOGGLE.o
 .debug_info    0x00000119      0x174 startup.o

.debug_abbrev   0x00000000      0x160
 .debug_abbrev  0x00000000       0x9c LED_TOGGLE.o
 .debug_abbrev  0x0000009c       0xc4 startup.o

.debug_loc      0x00000000       0x9c
 .debug_loc     0x00000000       0x38 LED_TOGGLE.o
 .debug_loc     0x00000038       0x64 startup.o

.debug_aranges  0x00000000       0x40
 .debug_aranges
                0x00000000       0x20 LED_TOGGLE.o
 .debug_aranges
                0x00000020       0x20 startup.o

.debug_line     0x00000000      0x15c
 .debug_line    0x00000000       0xa1 LED_TOGGLE.o
 .debug_line    0x000000a1       0xbb startup.o

.debug_str      0x00000000      0x145
 .debug_str     0x00000000       0xca LED_TOGGLE.o
                                0x10d (size before relaxing)
 .debug_str     0x000000ca       0x7b startup.o
                                0x155 (size before relaxing)

.comment        0x00000000       0x11
 .comment       0x00000000       0x11 LED_TOGGLE.o
                                 0x12 (size before relaxing)
 .comment       0x00000000       0x12 startup.o

.ARM.attributes
                0x00000000       0x33
 .ARM.attributes
                0x00000000       0x33 LED_TOGGLE.o
 .ARM.attributes
                0x00000033       0x33 startup.o

.debug_frame    0x00000000       0x78
 .debug_frame   0x00000000       0x2c LED_TOGGLE.o
 .debug_frame   0x0000002c       0x4c startup.o
